---
source: crates/sloplint_linter/src/rules/comments/mod.rs
expression: rendered
---
1:12 SLP012 [warning] suppression directive is not allowed (lint suppressions are banned)
3:22 SLP012 [warning] suppression directive is not allowed (lint suppressions are banned)
4:12 SLP012 [warning] suppression directive is not allowed (lint suppressions are banned)
5:14 SLP012 [warning] suppression directive is not allowed (lint suppressions are banned)
6:14 SLP012 [warning] suppression directive is not allowed (lint suppressions are banned)
17:12 SLP012 [warning] suppression directive is not allowed (lint suppressions are banned)
18:14 SLP012 [warning] suppression directive is not allowed (lint suppressions are banned)
19:12 SLP012 [warning] suppression directive is not allowed (lint suppressions are banned)
20:1 SLP012 [warning] suppression directive is not allowed (lint suppressions are banned)
21:1 SLP012 [warning] suppression directive is not allowed (lint suppressions are banned)
22:1 SLP012 [warning] suppression directive is not allowed (lint suppressions are banned)
23:1 SLP012 [warning] suppression directive is not allowed (lint suppressions are banned)
24:1 SLP012 [warning] suppression directive is not allowed (lint suppressions are banned)
27:14 SLP012 [warning] suppression directive is not allowed (lint suppressions are banned)
28:1 SLP012 [warning] suppression directive is not allowed (lint suppressions are banned)
29:13 SLP012 [warning] suppression directive is not allowed (lint suppressions are banned)
30:1 SLP012 [warning] suppression directive is not allowed (lint suppressions are banned)
31:1 SLP012 [warning] suppression directive is not allowed (lint suppressions are banned)
33:1 SLP012 [warning] suppression directive is not allowed (lint suppressions are banned)
